null
null
null
null
null
null
null
null
null
null
null
null
null
null
null
null
null
null
null
null
null
null
null
null
null
null
null
null
null
null
null
null
null
null
null
null
null
null
null
null
null
null
null
null
null
null
null
null
null
null
null
null
null
null
null
null
null
null
null
798 
null
null
35 
null
null
null
null
null
null
null
null
null
null
null
null
null
null
null
null
null
null
null
null
null
null
null
null
null
null
null
null
null
null
null
null
448 
null
null
null
null
null
null
null
null
null
null
195 
null
null
null
null
null
null
null
null
null
211 
null
null
null
null
null
154 
null
null
null
null
null
null
null
null
612 
null
null
529 589 
null
null
51 
458 
null
null
null
null
null
null
null
490 
358 
null
null
1 365 801 
null
43 
null
null
null
null
null
null
null
null
null
null
null
null
null
null
524 
null
null
null
null
null
null
462 
null
713 789 
null
null
null
null
551 
null
null
null
null
null
null
null
null
null
521 
null
null
null
null
null
84 
null
null
null
null
null
null
null
310 
null
null
null
null
null
null
null
null
null
206 
null
null
null
551 
262 853 
null
null
null
null
null
null
null
null
null
207 581 
null
null
null
147 
null
null
null
null
null
131 
null
null
null
null
865 
null
null
null
303 
null
null
null
null
null
null
38 
null
916 
974 
371 
null
null
295 
null
147 
null
null
null
null
null
null
590 607 
380 
null
null
null
267 
null
null
null
null
null
null
null
null
null
null
557 
628 
null
null
null
null
214 
null
954 
null
null
null
null
null
471 
502 
950 
950 
990 
null
null
null
null
null
47 
206 
585 805 
null
null
983 
null
null
null
null
3.347858
1.104380 1.052357 1.161306 3.342992
85917.000000 0.020508